=== BUILD ERROR TAIL (2026-08-30T14:08:55Z) ===
C/C++:       |                        ^
C/C++: /usr/local/lib/android/sdk/ndk/28.0.13004108/toolchains/llvm/prebuilt/linux-x86_64/sysroot/usr/include/c++/v1/__memory/allocator_traits.h:320:9: note: in instantiation of function template specialization 'std::allocator<latinime::IntArrayView>::construct<latinime::IntArrayView, latinime::IntArrayView>' requested here
C/C++:   320 |     __a.construct(__p, std::forward<_Args>(__args)...);
C/C++:       |         ^
C/C++: /usr/local/lib/android/sdk/ndk/28.0.13004108/toolchains/llvm/prebuilt/linux-x86_64/sysroot/usr/include/c++/v1/__memory/uninitialized_algorithms.h:639:33: note: in instantiation of function template specialization 'std::allocator_traits<std::allocator<latinime::IntArrayView>>::construct<latinime::IntArrayView, latinime::IntArrayView, 0>' requested here
C/C++:   639 |       allocator_traits<_Alloc>::construct(__alloc, __result, std::move(*__iter));
C/C++:       |                                 ^
C/C++: /usr/local/lib/android/sdk/ndk/28.0.13004108/toolchains/llvm/prebuilt/linux-x86_64/sysroot/usr/include/c++/v1/vector:1511:3: note: in instantiation of member function 'std::vector<latinime::IntArrayView>::__swap_out_circular_buffer' requested here
C/C++:  1511 |   __swap_out_circular_buffer(__v);
C/C++:       |   ^
C/C++: /usr/local/lib/android/sdk/ndk/28.0.13004108/toolchains/llvm/prebuilt/linux-x86_64/sysroot/usr/include/c++/v1/vector:1529:13: note: in instantiation of function template specialization 'std::vector<latinime::IntArrayView>::__emplace_back_slow_path<const int *const &, const unsigned long &>' requested here
C/C++:  1529 |     __end = __emplace_back_slow_path(std::forward<_Args>(__args)...);
C/C++:       |             ^
C/C++: /home/runner/work/instant_keyboard/instant_keyboard/app/src/main/jni/src/utils/int_array_view.h:142:20: note: in instantiation of function template specialization 'std::vector<latinime::IntArrayView>::emplace_back<const int *const &, const unsigned long &>' requested here
C/C++:   142 |             result.emplace_back(mPtr, mSize);
C/C++:       |                    ^
C/C++: In file included from /home/runner/work/instant_keyboard/instant_keyboard/app/src/main/jni/src/dictionary/structure/backward/v402/ver4_patricia_trie_writing_helper.cpp:24:
C/C++: /home/runner/work/instant_keyboard/instant_keyboard/app/src/main/jni/src/dictionary/structure/backward/v402/ver4_patricia_trie_writing_helper.h:122:9: warning: definition of implicit copy constructor for 'DictProbabilityComparator' is deprecated because it has a user-declared copy assignment operator [-Wdeprecated-copy]
C/C++:   122 |         DISALLOW_ASSIGNMENT_OPERATOR(DictProbabilityComparator);
C/C++:       |         ^
C/C++: /home/runner/work/instant_keyboard/instant_keyboard/app/src/main/jni/src/defines.h:289:8: note: expanded from macro 'DISALLOW_ASSIGNMENT_OPERATOR'
C/C++:   289 |   void operator=(const TypeName&) = delete
C/C++:       |        ^
C/C++: /usr/local/lib/android/sdk/ndk/28.0.13004108/toolchains/llvm/prebuilt/linux-x86_64/sysroot/usr/include/c++/v1/queue:906:38: note: in implicit copy constructor for 'latinime::backward::v402::Ver4PatriciaTrieWritingHelper::DictProbabilityComparator' first required here
C/C++:   906 |   std::push_heap(c.begin(), c.end(), comp);
C/C++:       |                                      ^
C/C++: /home/runner/work/instant_keyboard/instant_keyboard/app/src/main/jni/src/dictionary/structure/backward/v402/ver4_patricia_trie_writing_helper.cpp:221:23: note: in instantiation of member function 'std::priority_queue<latinime::backward::v402::Ver4PatriciaTrieWritingHelper::DictProbability, std::vector<latinime::backward::v402::Ver4PatriciaTrieWritingHelper::DictProbability>, latinime::backward::v402::Ver4PatriciaTrieWritingHelper::DictProbabilityComparator>::push' requested here
C/C++:   221 |         priorityQueue.push(DictProbability(terminalPos, probability,
C/C++:       |                       ^
C/C++: 5 warnings generated.
C/C++: In file included from /home/runner/work/instant_keyboard/instant_keyboard/app/src/main/jni/src/dictionary/structure/backward/v402/content/bigram_dict_content.cpp:24:
C/C++: In file included from /home/runner/work/instant_keyboard/instant_keyboard/app/src/main/jni/src/dictionary/structure/backward/v402/content/bigram_dict_content.h:28:
C/C++: In file included from /home/runner/work/instant_keyboard/instant_keyboard/app/src/main/jni/src/dictionary/structure/backward/v402/content/bigram_entry.h:28:
C/C++: /home/runner/work/instant_keyboard/instant_keyboard/app/src/main/jni/src/dictionary/property/historical_info.h:52:5: warning: definition of implicit copy constructor for 'HistoricalInfo' is deprecated because it has a user-declared copy assignment operator [-Wdeprecated-copy]
C/C++:    52 |     DISALLOW_ASSIGNMENT_OPERATOR(HistoricalInfo);
C/C++:       |     ^
C/C++: /home/runner/work/instant_keyboard/instant_keyboard/app/src/main/jni/src/defines.h:289:8: note: expanded from macro 'DISALLOW_ASSIGNMENT_OPERATOR'
C/C++:   289 |   void operator=(const TypeName&) = delete
C/C++:       |        ^
C/C++: /home/runner/work/instant_keyboard/instant_keyboard/app/src/main/jni/src/dictionary/structure/backward/v402/content/bigram_entry.h:49:61: note: in implicit copy constructor for 'latinime::HistoricalInfo' first required here
C/C++:    49 |             : mHasNext(hasNext), mProbability(probability), mHistoricalInfo(*historicalInfo),
C/C++:       |                                                             ^

> Task :app:compressReleaseAssets
> Task :app:dataBindingGenBaseClassesRelease
> Task :app:processReleaseResources
> Task :app:optimizeReleaseResources

> Task :app:buildNdkBuildRelease[x86_64]
C/C++: 1 warning generated.
C/C++: In file included from /home/runner/work/instant_keyboard/instant_keyboard/app/src/main/jni/src/dictionary/structure/backward/v402/content/probability_dict_content.cpp:26:
C/C++: In file included from /home/runner/work/instant_keyboard/instant_keyboard/app/src/main/jni/src/dictionary/structure/backward/v402/content/probability_entry.h:28:
C/C++: /home/runner/work/instant_keyboard/instant_keyboard/app/src/main/jni/src/dictionary/property/historical_info.h:52:5: warning: definition of implicit copy constructor for 'HistoricalInfo' is deprecated because it has a user-declared copy assignment operator [-Wdeprecated-copy]
C/C++:    52 |     DISALLOW_ASSIGNMENT_OPERATOR(HistoricalInfo);
C/C++:       |     ^
C/C++: /home/runner/work/instant_keyboard/instant_keyboard/app/src/main/jni/src/defines.h:289:8: note: expanded from macro 'DISALLOW_ASSIGNMENT_OPERATOR'
C/C++:   289 |   void operator=(const TypeName&) = delete
C/C++:       |        ^
C/C++: /home/runner/work/instant_keyboard/instant_keyboard/app/src/main/jni/src/dictionary/structure/backward/v402/content/probability_entry.h:39:15: note: in implicit copy constructor for 'latinime::HistoricalInfo' first required here
C/C++:    39 |               mHistoricalInfo(probabilityEntry.mHistoricalInfo) {}
C/C++:       |               ^
C/C++: 1 warning generated.
C/C++: /home/runner/work/instant_keyboard/instant_keyboard/app/src/main/jni/src/dictionary/structure/backward/v402/content/terminal_position_lookup_table.cpp:85:9: warning: variable 'removedEntryCount' set but not used [-Wunused-but-set-variable]
C/C++:    85 |     int removedEntryCount = 0;
C/C++:       |         ^
C/C++: 1 warning generated.
C/C++: In file included from /home/runner/work/instant_keyboard/instant_keyboard/app/src/main/jni/src/dictionary/structure/backward/v402/bigram/ver4_bigram_list_policy.cpp:25:
C/C++: In file included from /home/runner/work/instant_keyboard/instant_keyboard/app/src/main/jni/src/dictionary/structure/backward/v402/bigram/ver4_bigram_list_policy.h:30:
C/C++: In file included from /home/runner/work/instant_keyboard/instant_keyboard/app/src/main/jni/src/dictionary/structure/backward/v402/content/bigram_entry.h:28:
C/C++: /home/runner/work/instant_keyboard/instant_keyboard/app/src/main/jni/src/dictionary/property/historical_info.h:52:5: warning: definition of implicit copy constructor for 'HistoricalInfo' is deprecated because it has a user-declared copy assignment operator [-Wdeprecated-copy]
C/C++:    52 |     DISALLOW_ASSIGNMENT_OPERATOR(HistoricalInfo);
C/C++:       |     ^
C/C++: /home/runner/work/instant_keyboard/instant_keyboard/app/src/main/jni/src/defines.h:289:8: note: expanded from macro 'DISALLOW_ASSIGNMENT_OPERATOR'
C/C++:   289 |   void operator=(const TypeName&) = delete
C/C++:       |        ^
C/C++: /home/runner/work/instant_keyboard/instant_keyboard/app/src/main/jni/src/dictionary/structure/backward/v402/content/bigram_entry.h:49:61: note: in implicit copy constructor for 'latinime::HistoricalInfo' first required here
C/C++:    49 |             : mHasNext(hasNext), mProbability(probability), mHistoricalInfo(*historicalInfo),
C/C++:       |                                                             ^
C/C++: In file included from /home/runner/work/instant_keyboard/instant_keyboard/app/src/main/jni/src/dictionary/structure/backward/v402/bigram/ver4_bigram_list_policy.cpp:27:
C/C++: In file included from /home/runner/work/instant_keyboard/instant_keyboard/app/src/main/jni/src/dictionary/header/header_policy.h:25:
C/C++: /home/runner/work/instant_keyboard/instant_keyboard/app/src/main/jni/src/dictionary/utils/entry_counters.h:44:5: warning: definition of implicit copy constructor for 'EntryCounts' is deprecated because it has a user-declared copy assignment operator [-Wdeprecated-copy]
C/C++:    44 |     DISALLOW_ASSIGNMENT_OPERATOR(EntryCounts);
C/C++:       |     ^
C/C++: /home/runner/work/instant_keyboard/instant_keyboard/app/src/main/jni/src/defines.h:289:8: note: expanded from macro 'DISALLOW_ASSIGNMENT_OPERATOR'
C/C++:   289 |   void operator=(const TypeName&) = delete
C/C++:       |        ^
C/C++: /home/runner/work/instant_keyboard/instant_keyboard/app/src/main/jni/src/dictionary/header/header_policy.h:92:15: note: in implicit copy constructor for 'latinime::EntryCounts' first required here
C/C++:    92 |               mNgramCounts(headerPolicy->mNgramCounts),
C/C++:       |               ^
C/C++: In file included from /home/runner/work/instant_keyboard/instant_keyboard/app/src/main/jni/src/dictionary/structure/backward/v402/bigram/ver4_bigram_list_policy.cpp:28:
C/C++: In file included from /home/runner/work/instant_keyboard/instant_keyboard/app/src/main/jni/src/dictionary/property/ngram_property.h:24:
C/C++: In file included from /home/runner/work/instant_keyboard/instant_keyboard/app/src/main/jni/src/dictionary/property/ngram_context.h:23:
C/C++: /home/runner/work/instant_keyboard/instant_keyboard/app/src/main/jni/src/utils/int_array_view.h:160:5: warning: definition of implicit copy constructor for 'IntArrayView' is deprecated because it has a user-declared copy assignment operator [-Wdeprecated-copy]
C/C++:   160 |     DISALLOW_ASSIGNMENT_OPERATOR(IntArrayView);
C/C++:       |     ^
C/C++: /home/runner/work/instant_keyboard/instant_keyboard/app/src/main/jni/src/defines.h:289:8: note: expanded from macro 'DISALLOW_ASSIGNMENT_OPERATOR'
C/C++:   289 |   void operator=(const TypeName&) = delete
C/C++:       |        ^
C/C++: /usr/local/lib/android/sdk/ndk/28.0.13004108/toolchains/llvm/prebuilt/linux-x86_64/sysroot/usr/include/c++/v1/__memory/allocator.h:173:24: note: in implicit copy constructor for 'latinime::IntArrayView' first required here
C/C++:   173 |     ::new ((void*)__p) _Up(std::forward<_Args>(__args)...);
C/C++:       |                        ^
C/C++: /usr/local/lib/android/sdk/ndk/28.0.13004108/toolchains/llvm/prebuilt/linux-x86_64/sysroot/usr/include/c++/v1/__memory/allocator_traits.h:320:9: note: in instantiation of function template specialization 'std::allocator<latinime::IntArrayView>::construct<latinime::IntArrayView, latinime::IntArrayView>' requested here
C/C++:   320 |     __a.construct(__p, std::forward<_Args>(__args)...);
C/C++:       |         ^
C/C++: /usr/local/lib/android/sdk/ndk/28.0.13004108/toolchains/llvm/prebuilt/linux-x86_64/sysroot/usr/include/c++/v1/__memory/uninitialized_algorithms.h:639:33: note: in instantiation of function template specialization 'std::allocator_traits<std::allocator<latinime::IntArrayView>>::construct<latinime::IntArrayView, latinime::IntArrayView, 0>' requested here
C/C++:   639 |       allocator_traits<_Alloc>::construct(__alloc, __result, std::move(*__iter));
C/C++:       |                                 ^
C/C++: /usr/local/lib/android/sdk/ndk/28.0.13004108/toolchains/llvm/prebuilt/linux-x86_64/sysroot/usr/include/c++/v1/vector:1511:3: note: in instantiation of member function 'std::vector<latinime::IntArrayView>::__swap_out_circular_buffer' requested here
C/C++:  1511 |   __swap_out_circular_buffer(__v);
C/C++:       |   ^
C/C++: /usr/local/lib/android/sdk/ndk/28.0.13004108/toolchains/llvm/prebuilt/linux-x86_64/sysroot/usr/include/c++/v1/vector:1529:13: note: in instantiation of function template specialization 'std::vector<latinime::IntArrayView>::__emplace_back_slow_path<const int *const &, const unsigned long &>' requested here
C/C++:  1529 |     __end = __emplace_back_slow_path(std::forward<_Args>(__args)...);
C/C++:       |             ^
C/C++: /home/runner/work/instant_keyboard/instant_keyboard/app/src/main/jni/src/utils/int_array_view.h:142:20: note: in instantiation of function template specialization 'std::vector<latinime::IntArrayView>::emplace_back<const int *const &, const unsigned long &>' requested here
C/C++:   142 |             result.emplace_back(mPtr, mSize);
C/C++:       |                    ^
C/C++: 3 warnings generated.

> Task :app:mergeReleaseNativeLibs
> Task :app:stripReleaseDebugSymbols
> Task :app:extractReleaseNativeSymbolTables
> Task :app:mergeReleaseNativeDebugMetadata

> Task :app:compileReleaseKotlin FAILED
e: file:///home/runner/work/instant_keyboard/instant_keyboard/app/src/main/java/helium314/keyboard/keyboard/sounds/SoundsSearchActivity.kt:222:9 'Class' is prohibited here.

[Incubating] Problems report is available at: file:///home/runner/work/instant_keyboard/instant_keyboard/build/reports/problems/problems-report.html

FAILURE: Build failed with an exception.

* What went wrong:
Execution failed for task ':app:compileReleaseKotlin'.
> A failure occurred while executing org.jetbrains.kotlin.compilerRunner.GradleCompilerRunnerWithWorkers$GradleKotlinCompilerWorkAction
   > Compilation error. See log for more details

* Try:
> Run with --stacktrace option to get the stack trace.
> Run with --info or --debug option to get more log output.
> Run with --scan to get full insights.
> Get more help at https://help.gradle.org.

Deprecated Gradle features were used in this build, making it incompatible with Gradle 9.0.

You can use '--warning-mode all' to show the individual deprecation warnings and determine if they come from your own scripts or plugins.

For more on this, please refer to https://docs.gradle.org/8.14/userguide/command_line_interface.html#sec:command_line_warnings in the Gradle documentation.

BUILD FAILED in 4m 7s
48 actionable tasks: 48 executed
Configuration cache entry stored.
